<!DOCTYPE html>
<html lang="en">
<head>
    <meta charset="UTF-8">
    <title>Greeting</title>
</head>
<body>
<h1>Hello, John Doe</h1>
<h2>Welcome to <b>Ceneo Scrapper!</b></h2>
<p>Read more about us <a href="https://www.google.pl/">here</a></p>
</body>
</html>
